[edureka@localhost Desktop]$ mkdir akassh
[edureka@localhost Desktop]$ cd akassh
[edureka@localhost akassh]$ ls
[edureka@localhost akassh]$ gedit hi
[edureka@localhost akassh]$ configif
bash: configif: command not found
[edureka@localhost akassh]$ ifconfig
eth12     Link encap:Ethernet  HWaddr 00:0C:29:A3:9C:44  
          inet6 addr: fe80::20c:29ff:fea3:9c44/64 Scope:Link
          UP BROADCAST RUNNING MULTICAST  MTU:1500  Metric:1
          RX packets:10345 errors:0 dropped:0 overruns:0 frame:0
          TX packets:67 errors:0 dropped:0 overruns:0 carrier:0
          collisions:0 txqueuelen:1000 
          RX bytes:922801 (901.1 KiB)  TX bytes:21330 (20.8 KiB)

eth13     Link encap:Ethernet  HWaddr 00:0C:29:A3:9C:3A  
          inet addr:192.168.65.128  Bcast:192.168.65.255  Mask:255.255.255.0
          inet6 addr: fe80::20c:29ff:fea3:9c3a/64 Scope:Link
          UP BROADCAST RUNNING MULTICAST  MTU:1500  Metric:1
          RX packets:439 errors:0 dropped:0 overruns:0 frame:0
          TX packets:300 errors:0 dropped:0 overruns:0 carrier:0
          collisions:0 txqueuelen:1000 
          RX bytes:79772 (77.9 KiB)  TX bytes:26452 (25.8 KiB)

lo        Link encap:Local Loopback  
          inet addr:127.0.0.1  Mask:255.0.0.0
          inet6 addr: ::1/128 Scope:Host
          UP LOOPBACK RUNNING  MTU:16436  Metric:1
          RX packets:4926 errors:0 dropped:0 overruns:0 frame:0
          TX packets:4926 errors:0 dropped:0 overruns:0 carrier:0
          collisions:0 txqueuelen:0 
          RX bytes:693250 (677.0 KiB)  TX bytes:693250 (677.0 KiB)

[edureka@localhost akassh]$ cd ..
[edureka@localhost Desktop]$ hadoop jar hadoop-mapreduce-examples-2.2.0.jar 
An example program must be given as the first argument.
Valid program names are:
  aggregatewordcount: An Aggregate based map/reduce program that counts the words in the input files.
  aggregatewordhist: An Aggregate based map/reduce program that computes the histogram of the words in the input files.
  bbp: A map/reduce program that uses Bailey-Borwein-Plouffe to compute exact digits of Pi.
  dbcount: An example job that count the pageview counts from a database.
  distbbp: A map/reduce program that uses a BBP-type formula to compute exact bits of Pi.
  grep: A map/reduce program that counts the matches of a regex in the input.
  join: A job that effects a join over sorted, equally partitioned datasets
  multifilewc: A job that counts words from several files.
  pentomino: A map/reduce tile laying program to find solutions to pentomino problems.
  pi: A map/reduce program that estimates Pi using a quasi-Monte Carlo method.
  randomtextwriter: A map/reduce program that writes 10GB of random textual data per node.
  randomwriter: A map/reduce program that writes 10GB of random data per node.
  secondarysort: An example defining a secondary sort to the reduce.
  sort: A map/reduce program that sorts the data written by the random writer.
  sudoku: A sudoku solver.
  teragen: Generate data for the terasort
  terasort: Run the terasort
  teravalidate: Checking results of terasort
  wordcount: A map/reduce program that counts the words in the input files.
  wordmean: A map/reduce program that counts the average length of the words in the input files.
  wordmedian: A map/reduce program that counts the median length of the words in the input files.
  wordstandarddeviation: A map/reduce program that counts the standard deviation of the length of the words in the input files.
[edureka@localhost Desktop]$ hadoop fs -mkdir /wordcount-akassh
22/08/16 11:01:10 WARN util.NativeCodeLoader: Unable to load native-hadoop library for your platform... using builtin-java classes where applicable
[edureka@localhost Desktop]$ hadoop fs -copyFromLocal speech /tspeech
22/08/16 11:02:24 WARN util.NativeCodeLoader: Unable to load native-hadoop library for your platform... using builtin-java classes where applicable
copyFromLocal: `speech': No such file or directory
[edureka@localhost Desktop]$ hadoop fs -copyFromLocal /home/edureka/Desktop/speech /tspeech
22/08/16 11:03:34 WARN util.NativeCodeLoader: Unable to load native-hadoop library for your platform... using builtin-java classes where applicable
copyFromLocal: `/home/edureka/Desktop/speech': No such file or directory
[edureka@localhost Desktop]$ hadoop fs -copyFromLocal /home/edureka/Desktop/speech /tspeech22/08/16 11:06:19 WARN util.NativeCodeLoader: Unable to load native-hadoop library for your platform... using builtin-java classes where applicable
copyFromLocal: `/home/edureka/Desktop/speech': No such file or directory
[edureka@localhost Desktop]$ hadoop fs -copyFromLocal /home/edureka/Desktop/speech \tspeech
22/08/16 11:06:46 WARN util.NativeCodeLoader: Unable to load native-hadoop library for your platform... using builtin-java classes where applicable
copyFromLocal: `/home/edureka/Desktop/speech': No such file or directory
[edureka@localhost Desktop]$ hadoop fs -copyFromLocal /home/edureka/Desktop/speech.txt /tspeech22/08/16 11:08:19 WARN util.NativeCodeLoader: Unable to load native-hadoop library for your platform... using builtin-java classes where applicable
[edureka@localhost Desktop]$ hadoop jar hadoop-mapreduce-examples-2.2.0.jar wordcount /tspeech/ wordcount_akassh/output1
22/08/16 11:11:13 WARN util.NativeCodeLoader: Unable to load native-hadoop library for your platform... using builtin-java classes where applicable
22/08/16 11:11:13 INFO client.RMProxy: Connecting to ResourceManager at /0.0.0.0:8032
22/08/16 11:11:14 INFO input.FileInputFormat: Total input paths to process : 1
22/08/16 11:11:14 INFO mapreduce.JobSubmitter: number of splits:1
22/08/16 11:11:14 INFO Configuration.deprecation: user.name is deprecated. Instead, use mapreduce.job.user.name
22/08/16 11:11:14 INFO Configuration.deprecation: mapred.jar is deprecated. Instead, use mapreduce.job.jar
22/08/16 11:11:14 INFO Configuration.deprecation: mapred.output.value.class is deprecated. Instead, use mapreduce.job.output.value.class
22/08/16 11:11:14 INFO Configuration.deprecation: mapreduce.combine.class is deprecated. Instead, use mapreduce.job.combine.class
22/08/16 11:11:14 INFO Configuration.deprecation: mapreduce.map.class is deprecated. Instead, use mapreduce.job.map.class
22/08/16 11:11:14 INFO Configuration.deprecation: mapred.job.name is deprecated. Instead, use mapreduce.job.name
22/08/16 11:11:14 INFO Configuration.deprecation: mapreduce.reduce.class is deprecated. Instead, use mapreduce.job.reduce.class
22/08/16 11:11:14 INFO Configuration.deprecation: mapred.input.dir is deprecated. Instead, use mapreduce.input.fileinputformat.inputdir
22/08/16 11:11:14 INFO Configuration.deprecation: mapred.output.dir is deprecated. Instead, use mapreduce.output.fileoutputformat.outputdir
22/08/16 11:11:14 INFO Configuration.deprecation: mapred.map.tasks is deprecated. Instead, use mapreduce.job.maps
22/08/16 11:11:14 INFO Configuration.deprecation: mapred.output.key.class is deprecated. Instead, use mapreduce.job.output.key.class
22/08/16 11:11:14 INFO Configuration.deprecation: mapred.working.dir is deprecated. Instead, use mapreduce.job.working.dir
22/08/16 11:11:14 INFO mapreduce.JobSubmitter: Submitting tokens for job: job_1660626437858_0001
22/08/16 11:11:14 INFO impl.YarnClientImpl: Submitted application application_1660626437858_0001 to ResourceManager at /0.0.0.0:8032
22/08/16 11:11:14 INFO mapreduce.Job: The url to track the job: http://localhost:8088/proxy/application_1660626437858_0001/
22/08/16 11:11:14 INFO mapreduce.Job: Running job: job_1660626437858_0001
22/08/16 11:11:20 INFO mapreduce.Job: Job job_1660626437858_0001 running in uber mode : false
22/08/16 11:11:20 INFO mapreduce.Job:  map 0% reduce 0%
22/08/16 11:11:24 INFO mapreduce.Job:  map 100% reduce 0%
22/08/16 11:11:28 INFO mapreduce.Job:  map 100% reduce 100%
22/08/16 11:11:29 INFO mapreduce.Job: Job job_1660626437858_0001 completed successfully
22/08/16 11:11:29 INFO mapreduce.Job: Counters: 43
	File System Counters
		FILE: Number of bytes read=2477
		FILE: Number of bytes written=164183
		FILE: Number of read operations=0
		FILE: Number of large read operations=0
		FILE: Number of write operations=0
		HDFS: Number of bytes read=1860
		HDFS: Number of bytes written=1691
		HDFS: Number of read operations=6
		HDFS: Number of large read operations=0
		HDFS: Number of write operations=2
	Job Counters 
		Launched map tasks=1
		Launched reduce tasks=1
		Data-local map tasks=1
		Total time spent by all maps in occupied slots (ms)=2527
		Total time spent by all reduces in occupied slots (ms)=1753
	Map-Reduce Framework
		Map input records=11
		Map output records=310
		Map output bytes=2986
		Map output materialized bytes=2477
		Input split bytes=94
		Combine input records=310
		Combine output records=196
		Reduce input groups=196
		Reduce shuffle bytes=2477
		Reduce input records=196
		Reduce output records=196
		Spilled Records=392
		Shuffled Maps =1
		Failed Shuffles=0
		Merged Map outputs=1
		GC time elapsed (ms)=95
		CPU time spent (ms)=1100
		Physical memory (bytes) snapshot=359522304
		Virtual memory (bytes) snapshot=825626624
		Total committed heap usage (bytes)=317194240
	Shuffle Errors
		BAD_ID=0
		CONNECTION=0
		IO_ERROR=0
		WRONG_LENGTH=0
		WRONG_MAP=0
		WRONG_REDUCE=0
	File Input Format Counters 
		Bytes Read=1766
	File Output Format Counters 
		Bytes Written=1691
[edureka@localhost Desktop]$ hadoop jar hadoop-mapreduce-examples-2.2.0.jar wordcount /tspeech/ wordcount-akassh/output1
22/08/16 11:12:05 WARN util.NativeCodeLoader: Unable to load native-hadoop library for your platform... using builtin-java classes where applicable
22/08/16 11:12:05 INFO client.RMProxy: Connecting to ResourceManager at /0.0.0.0:8032
22/08/16 11:12:05 INFO input.FileInputFormat: Total input paths to process : 1
22/08/16 11:12:05 INFO mapreduce.JobSubmitter: number of splits:1
22/08/16 11:12:05 INFO Configuration.deprecation: user.name is deprecated. Instead, use mapreduce.job.user.name
22/08/16 11:12:05 INFO Configuration.deprecation: mapred.jar is deprecated. Instead, use mapreduce.job.jar
22/08/16 11:12:05 INFO Configuration.deprecation: mapred.output.value.class is deprecated. Instead, use mapreduce.job.output.value.class
22/08/16 11:12:05 INFO Configuration.deprecation: mapreduce.combine.class is deprecated. Instead, use mapreduce.job.combine.class
22/08/16 11:12:05 INFO Configuration.deprecation: mapreduce.map.class is deprecated. Instead, use mapreduce.job.map.class
22/08/16 11:12:05 INFO Configuration.deprecation: mapred.job.name is deprecated. Instead, use mapreduce.job.name
22/08/16 11:12:05 INFO Configuration.deprecation: mapreduce.reduce.class is deprecated. Instead, use mapreduce.job.reduce.class
22/08/16 11:12:05 INFO Configuration.deprecation: mapred.input.dir is deprecated. Instead, use mapreduce.input.fileinputformat.inputdir
22/08/16 11:12:05 INFO Configuration.deprecation: mapred.output.dir is deprecated. Instead, use mapreduce.output.fileoutputformat.outputdir
22/08/16 11:12:05 INFO Configuration.deprecation: mapred.map.tasks is deprecated. Instead, use mapreduce.job.maps
22/08/16 11:12:05 INFO Configuration.deprecation: mapred.output.key.class is deprecated. Instead, use mapreduce.job.output.key.class
22/08/16 11:12:05 INFO Configuration.deprecation: mapred.working.dir is deprecated. Instead, use mapreduce.job.working.dir
22/08/16 11:12:05 INFO mapreduce.JobSubmitter: Submitting tokens for job: job_1660626437858_0002
22/08/16 11:12:06 INFO impl.YarnClientImpl: Submitted application application_1660626437858_0002 to ResourceManager at /0.0.0.0:8032
22/08/16 11:12:06 INFO mapreduce.Job: The url to track the job: http://localhost:8088/proxy/application_1660626437858_0002/
22/08/16 11:12:06 INFO mapreduce.Job: Running job: job_1660626437858_0002
22/08/16 11:12:10 INFO mapreduce.Job: Job job_1660626437858_0002 running in uber mode : false
22/08/16 11:12:10 INFO mapreduce.Job:  map 0% reduce 0%
22/08/16 11:12:14 INFO mapreduce.Job:  map 100% reduce 0%
22/08/16 11:12:18 INFO mapreduce.Job:  map 100% reduce 100%
22/08/16 11:12:18 INFO mapreduce.Job: Job job_1660626437858_0002 completed successfully
22/08/16 11:12:18 INFO mapreduce.Job: Counters: 43
	File System Counters
		FILE: Number of bytes read=2477
		FILE: Number of bytes written=164183
		FILE: Number of read operations=0
		FILE: Number of large read operations=0
		FILE: Number of write operations=0
		HDFS: Number of bytes read=1860
		HDFS: Number of bytes written=1691
		HDFS: Number of read operations=6
		HDFS: Number of large read operations=0
		HDFS: Number of write operations=2
	Job Counters 
		Launched map tasks=1
		Launched reduce tasks=1
		Data-local map tasks=1
		Total time spent by all maps in occupied slots (ms)=1825
		Total time spent by all reduces in occupied slots (ms)=1588
	Map-Reduce Framework
		Map input records=11
		Map output records=310
		Map output bytes=2986
		Map output materialized bytes=2477
		Input split bytes=94
		Combine input records=310
		Combine output records=196
		Reduce input groups=196
		Reduce shuffle bytes=2477
		Reduce input records=196
		Reduce output records=196
		Spilled Records=392
		Shuffled Maps =1
		Failed Shuffles=0
		Merged Map outputs=1
		GC time elapsed (ms)=30
		CPU time spent (ms)=750
		Physical memory (bytes) snapshot=346996736
		Virtual memory (bytes) snapshot=811999232
		Total committed heap usage (bytes)=317194240
	Shuffle Errors
		BAD_ID=0
		CONNECTION=0
		IO_ERROR=0
		WRONG_LENGTH=0
		WRONG_MAP=0
		WRONG_REDUCE=0
	File Input Format Counters 
		Bytes Read=1766
	File Output Format Counters 
		Bytes Written=1691
[edureka@localhost Desktop]$ hadoop jar hadoop-mapreduce-examples-2.2.0.jar wordmean /tspeech/ wordcount-akassh/output2
22/08/16 11:14:08 WARN util.NativeCodeLoader: Unable to load native-hadoop library for your platform... using builtin-java classes where applicable
22/08/16 11:14:08 INFO client.RMProxy: Connecting to ResourceManager at /0.0.0.0:8032
22/08/16 11:14:09 INFO input.FileInputFormat: Total input paths to process : 1
22/08/16 11:14:09 INFO mapreduce.JobSubmitter: number of splits:1
22/08/16 11:14:09 INFO Configuration.deprecation: user.name is deprecated. Instead, use mapreduce.job.user.name
22/08/16 11:14:09 INFO Configuration.deprecation: mapred.jar is deprecated. Instead, use mapreduce.job.jar
22/08/16 11:14:09 INFO Configuration.deprecation: mapred.output.value.class is deprecated. Instead, use mapreduce.job.output.value.class
22/08/16 11:14:09 INFO Configuration.deprecation: mapreduce.combine.class is deprecated. Instead, use mapreduce.job.combine.class
22/08/16 11:14:09 INFO Configuration.deprecation: mapreduce.map.class is deprecated. Instead, use mapreduce.job.map.class
22/08/16 11:14:09 INFO Configuration.deprecation: mapred.job.name is deprecated. Instead, use mapreduce.job.name
22/08/16 11:14:09 INFO Configuration.deprecation: mapreduce.reduce.class is deprecated. Instead, use mapreduce.job.reduce.class
22/08/16 11:14:09 INFO Configuration.deprecation: mapred.input.dir is deprecated. Instead, use mapreduce.input.fileinputformat.inputdir
22/08/16 11:14:09 INFO Configuration.deprecation: mapred.output.dir is deprecated. Instead, use mapreduce.output.fileoutputformat.outputdir
22/08/16 11:14:09 INFO Configuration.deprecation: mapred.map.tasks is deprecated. Instead, use mapreduce.job.maps
22/08/16 11:14:09 INFO Configuration.deprecation: mapred.output.key.class is deprecated. Instead, use mapreduce.job.output.key.class
22/08/16 11:14:09 INFO Configuration.deprecation: mapred.working.dir is deprecated. Instead, use mapreduce.job.working.dir
22/08/16 11:14:09 INFO mapreduce.JobSubmitter: Submitting tokens for job: job_1660626437858_0003
22/08/16 11:14:09 INFO impl.YarnClientImpl: Submitted application application_1660626437858_0003 to ResourceManager at /0.0.0.0:8032
22/08/16 11:14:09 INFO mapreduce.Job: The url to track the job: http://localhost:8088/proxy/application_1660626437858_0003/
22/08/16 11:14:09 INFO mapreduce.Job: Running job: job_1660626437858_0003
22/08/16 11:14:13 INFO mapreduce.Job: Job job_1660626437858_0003 running in uber mode : false
22/08/16 11:14:13 INFO mapreduce.Job:  map 0% reduce 0%
22/08/16 11:14:16 INFO mapreduce.Job:  map 100% reduce 0%
22/08/16 11:14:20 INFO mapreduce.Job:  map 100% reduce 100%
22/08/16 11:14:20 INFO mapreduce.Job: Job job_1660626437858_0003 completed successfully
22/08/16 11:14:20 INFO mapreduce.Job: Counters: 43
	File System Counters
		FILE: Number of bytes read=39
		FILE: Number of bytes written=159307
		FILE: Number of read operations=0
		FILE: Number of large read operations=0
		FILE: Number of write operations=0
		HDFS: Number of bytes read=1860
		HDFS: Number of bytes written=22
		HDFS: Number of read operations=6
		HDFS: Number of large read operations=0
		HDFS: Number of write operations=2
	Job Counters 
		Launched map tasks=1
		Launched reduce tasks=1
		Data-local map tasks=1
		Total time spent by all maps in occupied slots (ms)=1448
		Total time spent by all reduces in occupied slots (ms)=1586
	Map-Reduce Framework
		Map input records=11
		Map output records=620
		Map output bytes=8990
		Map output materialized bytes=39
		Input split bytes=94
		Combine input records=620
		Combine output records=2
		Reduce input groups=2
		Reduce shuffle bytes=39
		Reduce input records=2
		Reduce output records=2
		Spilled Records=4
		Shuffled Maps =1
		Failed Shuffles=0
		Merged Map outputs=1
		GC time elapsed (ms)=31
		CPU time spent (ms)=520
		Physical memory (bytes) snapshot=345739264
		Virtual memory (bytes) snapshot=809558016
		Total committed heap usage (bytes)=317194240
	Shuffle Errors
		BAD_ID=0
		CONNECTION=0
		IO_ERROR=0
		WRONG_LENGTH=0
		WRONG_MAP=0
		WRONG_REDUCE=0
	File Input Format Counters 
		Bytes Read=1766
	File Output Format Counters 
		Bytes Written=22
The mean is: 4.606451612903226
[edureka@localhost Desktop]$ hadoop jar hadoop-mapreduce-examples-2.2.0.jar wordmedian  /tspeech/ wordcount-akassh/output3
22/08/16 11:15:31 WARN util.NativeCodeLoader: Unable to load native-hadoop library for your platform... using builtin-java classes where applicable
22/08/16 11:15:31 INFO client.RMProxy: Connecting to ResourceManager at /0.0.0.0:8032
22/08/16 11:15:32 WARN mapreduce.JobSubmitter: Hadoop command-line option parsing not performed. Implement the Tool interface and execute your application with ToolRunner to remedy this.
22/08/16 11:15:32 INFO input.FileInputFormat: Total input paths to process : 1
22/08/16 11:15:32 INFO mapreduce.JobSubmitter: number of splits:1
22/08/16 11:15:32 INFO Configuration.deprecation: user.name is deprecated. Instead, use mapreduce.job.user.name
22/08/16 11:15:32 INFO Configuration.deprecation: mapred.jar is deprecated. Instead, use mapreduce.job.jar
22/08/16 11:15:32 INFO Configuration.deprecation: mapred.output.value.class is deprecated. Instead, use mapreduce.job.output.value.class
22/08/16 11:15:32 INFO Configuration.deprecation: mapreduce.combine.class is deprecated. Instead, use mapreduce.job.combine.class
22/08/16 11:15:32 INFO Configuration.deprecation: mapreduce.map.class is deprecated. Instead, use mapreduce.job.map.class
22/08/16 11:15:32 INFO Configuration.deprecation: mapred.job.name is deprecated. Instead, use mapreduce.job.name
22/08/16 11:15:32 INFO Configuration.deprecation: mapreduce.reduce.class is deprecated. Instead, use mapreduce.job.reduce.class
22/08/16 11:15:32 INFO Configuration.deprecation: mapred.input.dir is deprecated. Instead, use mapreduce.input.fileinputformat.inputdir
22/08/16 11:15:32 INFO Configuration.deprecation: mapred.output.dir is deprecated. Instead, use mapreduce.output.fileoutputformat.outputdir
22/08/16 11:15:32 INFO Configuration.deprecation: mapred.map.tasks is deprecated. Instead, use mapreduce.job.maps
22/08/16 11:15:32 INFO Configuration.deprecation: mapred.output.key.class is deprecated. Instead, use mapreduce.job.output.key.class
22/08/16 11:15:32 INFO Configuration.deprecation: mapred.working.dir is deprecated. Instead, use mapreduce.job.working.dir
22/08/16 11:15:32 INFO mapreduce.JobSubmitter: Submitting tokens for job: job_1660626437858_0004
22/08/16 11:15:32 INFO impl.YarnClientImpl: Submitted application application_1660626437858_0004 to ResourceManager at /0.0.0.0:8032
22/08/16 11:15:32 INFO mapreduce.Job: The url to track the job: http://localhost:8088/proxy/application_1660626437858_0004/
22/08/16 11:15:32 INFO mapreduce.Job: Running job: job_1660626437858_0004
22/08/16 11:15:36 INFO mapreduce.Job: Job job_1660626437858_0004 running in uber mode : false
22/08/16 11:15:36 INFO mapreduce.Job:  map 0% reduce 0%
22/08/16 11:15:40 INFO mapreduce.Job:  map 100% reduce 0%
22/08/16 11:15:45 INFO mapreduce.Job:  map 100% reduce 100%
22/08/16 11:15:45 INFO mapreduce.Job: Job job_1660626437858_0004 completed successfully
22/08/16 11:15:45 INFO mapreduce.Job: Counters: 43
	File System Counters
		FILE: Number of bytes read=136
		FILE: Number of bytes written=159233
		FILE: Number of read operations=0
		FILE: Number of large read operations=0
		FILE: Number of write operations=0
		HDFS: Number of bytes read=1860
		HDFS: Number of bytes written=65
		HDFS: Number of read operations=6
		HDFS: Number of large read operations=0
		HDFS: Number of write operations=2
	Job Counters 
		Launched map tasks=1
		Launched reduce tasks=1
		Data-local map tasks=1
		Total time spent by all maps in occupied slots (ms)=1632
		Total time spent by all reduces in occupied slots (ms)=2505
	Map-Reduce Framework
		Map input records=11
		Map output records=310
		Map output bytes=2480
		Map output materialized bytes=136
		Input split bytes=94
		Combine input records=310
		Combine output records=13
		Reduce input groups=13
		Reduce shuffle bytes=136
		Reduce input records=13
		Reduce output records=13
		Spilled Records=26
		Shuffled Maps =1
		Failed Shuffles=0
		Merged Map outputs=1
		GC time elapsed (ms)=25
		CPU time spent (ms)=670
		Physical memory (bytes) snapshot=351219712
		Virtual memory (bytes) snapshot=816463872
		Total committed heap usage (bytes)=317194240
	Shuffle Errors
		BAD_ID=0
		CONNECTION=0
		IO_ERROR=0
		WRONG_LENGTH=0
		WRONG_MAP=0
		WRONG_REDUCE=0
	File Input Format Counters 
		Bytes Read=1766
	File Output Format Counters 
		Bytes Written=65
The median is: 4
[edureka@localhost Desktop]$ hadoop jar hadoop-mapreduce-examples-2.2.0.jar wordstandarddeviation  /tspeech/ wordcount-akassh/output4
22/08/16 11:16:58 WARN util.NativeCodeLoader: Unable to load native-hadoop library for your platform... using builtin-java classes where applicable
22/08/16 11:16:58 INFO client.RMProxy: Connecting to ResourceManager at /0.0.0.0:8032
22/08/16 11:16:59 INFO input.FileInputFormat: Total input paths to process : 1
22/08/16 11:16:59 INFO mapreduce.JobSubmitter: number of splits:1
22/08/16 11:16:59 INFO Configuration.deprecation: user.name is deprecated. Instead, use mapreduce.job.user.name
22/08/16 11:16:59 INFO Configuration.deprecation: mapred.jar is deprecated. Instead, use mapreduce.job.jar
22/08/16 11:16:59 INFO Configuration.deprecation: mapred.output.value.class is deprecated. Instead, use mapreduce.job.output.value.class
22/08/16 11:16:59 INFO Configuration.deprecation: mapreduce.combine.class is deprecated. Instead, use mapreduce.job.combine.class
22/08/16 11:16:59 INFO Configuration.deprecation: mapreduce.map.class is deprecated. Instead, use mapreduce.job.map.class
22/08/16 11:16:59 INFO Configuration.deprecation: mapred.job.name is deprecated. Instead, use mapreduce.job.name
22/08/16 11:16:59 INFO Configuration.deprecation: mapreduce.reduce.class is deprecated. Instead, use mapreduce.job.reduce.class
22/08/16 11:16:59 INFO Configuration.deprecation: mapred.input.dir is deprecated. Instead, use mapreduce.input.fileinputformat.inputdir
22/08/16 11:16:59 INFO Configuration.deprecation: mapred.output.dir is deprecated. Instead, use mapreduce.output.fileoutputformat.outputdir
22/08/16 11:16:59 INFO Configuration.deprecation: mapred.map.tasks is deprecated. Instead, use mapreduce.job.maps
22/08/16 11:16:59 INFO Configuration.deprecation: mapred.output.key.class is deprecated. Instead, use mapreduce.job.output.key.class
22/08/16 11:16:59 INFO Configuration.deprecation: mapred.working.dir is deprecated. Instead, use mapreduce.job.working.dir
22/08/16 11:16:59 INFO mapreduce.JobSubmitter: Submitting tokens for job: job_1660626437858_0005
22/08/16 11:16:59 INFO impl.YarnClientImpl: Submitted application application_1660626437858_0005 to ResourceManager at /0.0.0.0:8032
22/08/16 11:16:59 INFO mapreduce.Job: The url to track the job: http://localhost:8088/proxy/application_1660626437858_0005/
22/08/16 11:16:59 INFO mapreduce.Job: Running job: job_1660626437858_0005
22/08/16 11:17:03 INFO mapreduce.Job: Job job_1660626437858_0005 running in uber mode : false
22/08/16 11:17:03 INFO mapreduce.Job:  map 0% reduce 0%
22/08/16 11:17:07 INFO mapreduce.Job:  map 100% reduce 0%
22/08/16 11:17:12 INFO mapreduce.Job:  map 100% reduce 100%
22/08/16 11:17:12 INFO mapreduce.Job: Job job_1660626437858_0005 completed successfully
22/08/16 11:17:12 INFO mapreduce.Job: Counters: 43
	File System Counters
		FILE: Number of bytes read=56
		FILE: Number of bytes written=159501
		FILE: Number of read operations=0
		FILE: Number of large read operations=0
		FILE: Number of write operations=0
		HDFS: Number of bytes read=1860
		HDFS: Number of bytes written=34
		HDFS: Number of read operations=6
		HDFS: Number of large read operations=0
		HDFS: Number of write operations=2
	Job Counters 
		Launched map tasks=1
		Launched reduce tasks=1
		Data-local map tasks=1
		Total time spent by all maps in occupied slots (ms)=1548
		Total time spent by all reduces in occupied slots (ms)=2540
	Map-Reduce Framework
		Map input records=11
		Map output records=930
		Map output bytes=13640
		Map output materialized bytes=56
		Input split bytes=94
		Combine input records=930
		Combine output records=3
		Reduce input groups=3
		Reduce shuffle bytes=56
		Reduce input records=3
		Reduce output records=3
		Spilled Records=6
		Shuffled Maps =1
		Failed Shuffles=0
		Merged Map outputs=1
		GC time elapsed (ms)=28
		CPU time spent (ms)=520
		Physical memory (bytes) snapshot=347635712
		Virtual memory (bytes) snapshot=813047808
		Total committed heap usage (bytes)=317194240
	Shuffle Errors
		BAD_ID=0
		CONNECTION=0
		IO_ERROR=0
		WRONG_LENGTH=0
		WRONG_MAP=0
		WRONG_REDUCE=0
	File Input Format Counters 
		Bytes Read=1766
	File Output Format Counters 
		Bytes Written=34
The standard deviation is: 2.5272623826750746
[edureka@localhost Desktop]$ 